###############################################################################
#
# IAR ELF Linker V7.80.2.11947/W32 for ARM                02/Dec/2016  16:23:36
# Copyright 2007-2016 IAR Systems AB.
#
#    Output file  =  
#        C:\Users\T460P\Desktop\STM32L031\code\stm32L_lpuart -
#        fifo\EWARM\Debug\Exe\L031.out
#    Map file     =  
#        C:\Users\T460P\Desktop\STM32L031\code\stm32L_lpuart -
#        fifo\EWARM\Debug\List\L031.map
#    Command line =  
#        "C:\Users\T460P\Desktop\STM32L031\code\stm32L_lpuart -
#        fifo\EWARM\Debug\Obj\bsp_uart_fifo.o"
#        "C:\Users\T460P\Desktop\STM32L031\code\stm32L_lpuart -
#        fifo\EWARM\Debug\Obj\main.o"
#        "C:\Users\T460P\Desktop\STM32L031\code\stm32L_lpuart -
#        fifo\EWARM\Debug\Obj\startup_stm32l031xx.o"
#        "C:\Users\T460P\Desktop\STM32L031\code\stm32L_lpuart -
#        fifo\EWARM\Debug\Obj\stm32l0xx_hal.o"
#        "C:\Users\T460P\Desktop\STM32L031\code\stm32L_lpuart -
#        fifo\EWARM\Debug\Obj\stm32l0xx_hal_cortex.o"
#        "C:\Users\T460P\Desktop\STM32L031\code\stm32L_lpuart -
#        fifo\EWARM\Debug\Obj\stm32l0xx_hal_dma.o"
#        "C:\Users\T460P\Desktop\STM32L031\code\stm32L_lpuart -
#        fifo\EWARM\Debug\Obj\stm32l0xx_hal_gpio.o"
#        "C:\Users\T460P\Desktop\STM32L031\code\stm32L_lpuart -
#        fifo\EWARM\Debug\Obj\stm32l0xx_hal_pwr.o"
#        "C:\Users\T460P\Desktop\STM32L031\code\stm32L_lpuart -
#        fifo\EWARM\Debug\Obj\stm32l0xx_hal_pwr_ex.o"
#        "C:\Users\T460P\Desktop\STM32L031\code\stm32L_lpuart -
#        fifo\EWARM\Debug\Obj\stm32l0xx_hal_rcc.o"
#        "C:\Users\T460P\Desktop\STM32L031\code\stm32L_lpuart -
#        fifo\EWARM\Debug\Obj\stm32l0xx_hal_rcc_ex.o"
#        "C:\Users\T460P\Desktop\STM32L031\code\stm32L_lpuart -
#        fifo\EWARM\Debug\Obj\stm32l0xx_hal_uart.o"
#        "C:\Users\T460P\Desktop\STM32L031\code\stm32L_lpuart -
#        fifo\EWARM\Debug\Obj\stm32l0xx_hal_uart_ex.o"
#        "C:\Users\T460P\Desktop\STM32L031\code\stm32L_lpuart -
#        fifo\EWARM\Debug\Obj\stm32l0xx_it.o"
#        "C:\Users\T460P\Desktop\STM32L031\code\stm32L_lpuart -
#        fifo\EWARM\Debug\Obj\stm32l0xx_nucleo_32.o"
#        "C:\Users\T460P\Desktop\STM32L031\code\stm32L_lpuart -
#        fifo\EWARM\Debug\Obj\system_stm32l0xx.o" -o
#        "C:\Users\T460P\Desktop\STM32L031\code\stm32L_lpuart -
#        fifo\EWARM\Debug\Exe\L031.out" --map
#        "C:\Users\T460P\Desktop\STM32L031\code\stm32L_lpuart -
#        fifo\EWARM\Debug\List\L031.map" --config
#        C:\Users\T460P\Desktop\STM32L031\code\stm32L_uart\Libraries\CMSIS\Device\ST\STM32L0xx\Source\Templates\iar\linker\stm32l031xx_flash.icf
#        --semihosting --entry __iar_program_start --vfe
#
###############################################################################

*******************************************************************************
*** RUNTIME MODEL ATTRIBUTES
***

CppFlavor       = *
__SystemLibrary = DLib


*******************************************************************************
*** PLACEMENT SUMMARY
***

"A0":  place at 0x08000000 { ro section .intvec };
"P1":  place in [from 0x08000000 to 0x08007fff] { ro };
"P2":  place in [from 0x20000000 to 0x20001fff] { rw, block CSTACK, block HEAP };
initialize by copy { rw };

  Section            Kind        Address    Size  Object
  -------            ----        -------    ----  ------
"A0":                                       0xc0
  .intvec            ro code  0x08000000    0xc0  startup_stm32l031xx.o [1]
                            - 0x080000c0    0xc0

"P1":                                     0x1f51
  .text              ro code  0x080000c0   0x7fc  stm32l0xx_hal_rcc.o [1]
  .text              ro code  0x080008bc     0xc  stm32l0xx_hal.o [1]
  .text              ro code  0x080008c8    0x28  stm32l0xx_hal.o [1]
  .text              ro code  0x080008f0    0xae  I32DivModFast.o [5]
  .rodata            const    0x0800099e     0x2  stm32l0xx_nucleo_32.o [1]
  .text              ro code  0x080009a0    0xf8  stm32l0xx_hal_cortex.o [1]
  .text              ro code  0x08000a98     0x2  IntDivZer.o [5]
  .text              ro code  0x08000a9a     0x2  startup_stm32l031xx.o [1]
  .text              ro code  0x08000a9c   0x67c  stm32l0xx_hal_uart.o [1]
  .text              ro code  0x08001118   0x334  bsp_uart_fifo.o [1]
  .text              ro code  0x0800144c    0x20  I32ToDbl.o [4]
  .text              ro code  0x0800146c   0x184  DblMul.o [4]
  .text              ro code  0x080015f0   0x1a8  DblAddSub.o [4]
  .text              ro code  0x08001798    0xc2  DblDiv.o [4]
  .text              ro code  0x0800185a     0x2  startup_stm32l031xx.o [1]
  .text              ro code  0x0800185c    0x2e  DblToI32.o [4]
  .text              ro code  0x0800188a     0x2  startup_stm32l031xx.o [1]
  .text              ro code  0x0800188c   0x1ec  stm32l0xx_hal_gpio.o [1]
  .text              ro code  0x08001a78   0x180  xprintftiny.o [3]
  .text              ro code  0x08001bf8    0x10  strlen.o [5]
  .text              ro code  0x08001c08    0xc8  main.o [1]
  .text              ro code  0x08001cd0    0x22  stm32l0xx_hal.o [1]
  .text              ro code  0x08001cf2     0x2  startup_stm32l031xx.o [1]
  .text              ro code  0x08001cf4    0x70  stm32l0xx_nucleo_32.o [1]
  .text              ro code  0x08001d64    0x24  printf.o [3]
  .text              ro code  0x08001d88    0x34  ABImemset.o [5]
  .text              ro code  0x08001dbc    0x80  system_stm32l0xx.o [1]
  .text              ro code  0x08001e3c    0x3c  zero_init3.o [5]
  .text              ro code  0x08001e78    0x3c  packbits_init_single.o [5]
  .text              ro code  0x08001eb4    0x28  data_init.o [5]
  .iar.init_table    const    0x08001edc    0x20  - Linker created -
  .text              ro code  0x08001efc    0x1a  cmain.o [5]
  .text              ro code  0x08001f16     0x4  low_level_init.o [3]
  .text              ro code  0x08001f1a     0x8  exit.o [3]
  .text              ro code  0x08001f22     0x2  startup_stm32l031xx.o [1]
  .text              ro code  0x08001f24     0xa  cexit.o [5]
  .text              ro code  0x08001f2e     0x2  startup_stm32l031xx.o [1]
  .text              ro code  0x08001f30    0x14  exit.o [6]
  .text              ro code  0x08001f44    0x16  xprout.o [3]
  .text              ro code  0x08001f5a     0x2  startup_stm32l031xx.o [1]
  .text              ro code  0x08001f5c    0x10  putchar.o [3]
  .text              ro code  0x08001f6c    0x12  stm32l0xx_it.o [1]
  .text              ro code  0x08001f7e     0x2  startup_stm32l031xx.o [1]
  .text              ro code  0x08001f80    0x10  stm32l0xx_hal.o [1]
  .rodata            const    0x08001f90    0x10  system_stm32l0xx.o [1]
  .text              ro code  0x08001fa0    0x10  startup_stm32l031xx.o [1]
  .rodata            const    0x08001fb0     0xc  system_stm32l0xx.o [1]
  .text              ro code  0x08001fbc     0xc  cstartup_M.o [5]
  .rodata            const    0x08001fc8     0x8  system_stm32l0xx.o [1]
  .text              ro code  0x08001fd0     0x2  startup_stm32l031xx.o [1]
  .text              ro code  0x08001fd2     0x2  startup_stm32l031xx.o [1]
  .text              ro code  0x08001fd4     0x2  startup_stm32l031xx.o [1]
  .text              ro code  0x08001fd6     0x2  startup_stm32l031xx.o [1]
  .text              ro code  0x08001fd8     0x2  startup_stm32l031xx.o [1]
  .text              ro code  0x08001fda     0x2  startup_stm32l031xx.o [1]
  .text              ro code  0x08001fdc     0x2  startup_stm32l031xx.o [1]
  .text              ro code  0x08001fde     0x2  startup_stm32l031xx.o [1]
  .text              ro code  0x08001fe0     0x2  startup_stm32l031xx.o [1]
  .text              ro code  0x08001fe2     0x2  startup_stm32l031xx.o [1]
  .text              ro code  0x08001fe4     0x2  startup_stm32l031xx.o [1]
  .rodata            const    0x08001fe6     0x0  zero_init3.o [5]
  .rodata            const    0x08001fe6     0x0  packbits_init_single.o [5]
  Initializer bytes  const    0x08001fe6    0x2b  <for P2-1>
                            - 0x08002011  0x1f51

"P2", part 1 of 3:                          0x48
  P2-1                        0x20000000    0x48  <Init block>
    .data            inited   0x20000000     0x4  stm32l0xx_nucleo_32.o [1]
    .data            inited   0x20000004     0x4  system_stm32l0xx.o [1]
    .data            inited   0x20000008    0x40  xfiles.o [3]
                            - 0x20000048    0x48

"P2", part 2 of 3:                         0x400
  CSTACK                      0x20000048   0x400  <Block>
    CSTACK           uninit   0x20000048   0x400  <Block tail>
                            - 0x20000448   0x400

"P2", part 3 of 3:                         0x8f0
  .bss               zero     0x20000448   0x400  bsp_uart_fifo.o [1]
  .bss               zero     0x20000848   0x400  bsp_uart_fifo.o [1]
  .bss               zero     0x20000c48    0x70  bsp_uart_fifo.o [1]
  .bss               zero     0x20000cb8    0x50  xfiles.o [3]
  .bss               zero     0x20000d08    0x28  bsp_uart_fifo.o [1]
  .bss               zero     0x20000d30     0x4  stm32l0xx_hal.o [1]
  .bss               zero     0x20000d34     0x1  main.o [1]
                            - 0x20000d35   0x8ed


*******************************************************************************
*** INIT TABLE
***

          Address     Size
          -------     ----
Zero (__iar_zero_init3)
    1 destination range, total size 0x8ed:
          0x20000448  0x8ed

Copy/packbits (__iar_packbits_init_single3)
    1 source range, total size 0x2b (59% of destination):
          0x08001fe6   0x2b
    1 destination range, total size 0x48:
          0x20000000   0x48



*******************************************************************************
*** MODULE SUMMARY
***

    Module                  ro code  ro data  rw data
    ------                  -------  -------  -------
C:\Users\T460P\Desktop\STM32L031\code\stm32L_lpuart - fifo\EWARM\Debug\Obj: [1]
    bsp_uart_fifo.o             820             2 200
    main.o                      200                 1
    startup_stm32l031xx.o       246
    stm32l0xx_hal.o             102                 4
    stm32l0xx_hal_cortex.o      248
    stm32l0xx_hal_gpio.o        492
    stm32l0xx_hal_rcc.o       2 044
    stm32l0xx_hal_uart.o      1 660
    stm32l0xx_it.o               18
    stm32l0xx_nucleo_32.o       112        4        4
    system_stm32l0xx.o          128       38        4
    -------------------------------------------------
    Total:                    6 070       42    2 213

command line: [2]
    -------------------------------------------------
    Total:

dl6M_tlf.a: [3]
    exit.o                        8
    low_level_init.o              4
    printf.o                     36
    putchar.o                    16
    xfiles.o                              39      144
    xprintftiny.o               384
    xprout.o                     22
    -------------------------------------------------
    Total:                      470       39      144

m6M_tl.a: [4]
    DblAddSub.o                 424
    DblDiv.o                    194
    DblMul.o                    388
    DblToI32.o                   46
    I32ToDbl.o                   32
    -------------------------------------------------
    Total:                    1 084

rt6M_tl.a: [5]
    ABImemset.o                  52
    I32DivModFast.o             174
    IntDivZer.o                   2
    cexit.o                      10
    cmain.o                      26
    cstartup_M.o                 12
    data_init.o                  40
    packbits_init_single.o       60
    strlen.o                     16
    zero_init3.o                 60
    -------------------------------------------------
    Total:                      452

shb_l.a: [6]
    exit.o                       20
    -------------------------------------------------
    Total:                       20

    Linker created                        32    1 024
-----------------------------------------------------
    Grand Total:              8 096      113    3 381


*******************************************************************************
*** ENTRY LIST
***

Entry                      Address   Size  Type      Object
-----                      -------   ----  ----      ------
.iar.init_table$$Base   0x08001edc          --   Gb  - Linker created -
.iar.init_table$$Limit  0x08001efc          --   Gb  - Linker created -
?main                   0x08001efd         Code  Gb  cmain.o [5]
AHBPrescTable           0x08001f90   0x10  Data  Gb  system_stm32l0xx.o [1]
APBPrescTable           0x08001fc8    0x8  Data  Gb  system_stm32l0xx.o [1]
BSP_LED_Init            0x08001cf5   0x64  Code  Gb  stm32l0xx_nucleo_32.o [1]
CSTACK$$Base            0x20000048          --   Gb  - Linker created -
CSTACK$$Limit           0x20000448          --   Gb  - Linker created -
HAL_GPIO_Init           0x0800188d  0x1b4  Code  Gb  stm32l0xx_hal_gpio.o [1]
HAL_GPIO_WritePin       0x08001a55   0x14  Code  Gb  stm32l0xx_hal_gpio.o [1]
HAL_GetTick             0x080008bd    0xc  Code  Wk  stm32l0xx_hal.o [1]
HAL_IncTick             0x08001f81   0x10  Code  Wk  stm32l0xx_hal.o [1]
HAL_Init                0x08001cd1   0x1c  Code  Gb  stm32l0xx_hal.o [1]
HAL_InitTick            0x080008c9   0x28  Code  Wk  stm32l0xx_hal.o [1]
HAL_MspInit             0x08001cf1    0x2  Code  Wk  stm32l0xx_hal.o [1]
HAL_NVIC_EnableIRQ      0x08000a6d    0xa  Code  Gb  stm32l0xx_hal_cortex.o [1]
HAL_NVIC_SetPriority    0x08000a63    0xa  Code  Gb  stm32l0xx_hal_cortex.o [1]
HAL_RCC_ClockConfig     0x080005dd  0x1aa  Code  Gb  stm32l0xx_hal_rcc.o [1]
HAL_RCC_GetHCLKFreq     0x08000853    0x6  Code  Gb  stm32l0xx_hal_rcc.o [1]
HAL_RCC_GetPCLK1Freq    0x08000859   0x18  Code  Gb  stm32l0xx_hal_rcc.o [1]
HAL_RCC_GetPCLK2Freq    0x08000875   0x18  Code  Gb  stm32l0xx_hal_rcc.o [1]
HAL_RCC_GetSysClockFreq
                        0x080007a1   0xb2  Code  Gb  stm32l0xx_hal_rcc.o [1]
HAL_RCC_OscConfig       0x080000c1  0x4fa  Code  Gb  stm32l0xx_hal_rcc.o [1]
HAL_SYSTICK_Config      0x08000a77    0x8  Code  Gb  stm32l0xx_hal_cortex.o [1]
HAL_UART_Init           0x08000a9d   0x76  Code  Gb  stm32l0xx_hal_uart.o [1]
HAL_UART_MspInit        0x08001119   0x8a  Code  Gb  bsp_uart_fifo.o [1]
HardFault_Handler       0x08001f6f    0x4  Code  Gb  stm32l0xx_it.o [1]
InitHardUart            0x08001209   0x4c  Code  Gb  bsp_uart_fifo.o [1]
LED_PIN                 0x0800099e    0x2  Data  Gb  stm32l0xx_nucleo_32.o [1]
LED_PORT                0x20000000    0x4  Data  Gb  stm32l0xx_nucleo_32.o [1]
LPUART1_IRQHandler      0x0800130f    0xa  Code  Gb  bsp_uart_fifo.o [1]
NMI_Handler             0x08001f6d    0x2  Code  Gb  stm32l0xx_it.o [1]
NVIC_EnableIRQ          0x080009a1    0xe  Code  Lc  stm32l0xx_hal_cortex.o [1]
NVIC_SetPriority        0x080009af   0x84  Code  Lc  stm32l0xx_hal_cortex.o [1]
PLLMulTable             0x08001fb0    0xc  Data  Gb  system_stm32l0xx.o [1]
PendSV_Handler          0x08001f75    0x2  Code  Gb  stm32l0xx_it.o [1]
Region$$Table$$Base     0x08001edc          --   Gb  - Linker created -
Region$$Table$$Limit    0x08001efc          --   Gb  - Linker created -
SVC_Handler             0x08001f73    0x2  Code  Gb  stm32l0xx_it.o [1]
SysTick_Config          0x08000a33   0x30  Code  Lc  stm32l0xx_hal_cortex.o [1]
SysTick_Handler         0x08001f77    0x8  Code  Gb  stm32l0xx_it.o [1]
SystemClock_Config      0x08001c35   0x84  Code  Gb  main.o [1]
SystemCoreClock         0x20000004    0x4  Data  Gb  system_stm32l0xx.o [1]
SystemInit              0x08001dbd   0x5a  Code  Gb  system_stm32l0xx.o [1]
UART_AdvFeatureConfig   0x08000f09   0xde  Code  Gb  stm32l0xx_hal_uart.o [1]
UART_CheckIdleState     0x08000e99   0x5a  Code  Gb  stm32l0xx_hal_uart.o [1]
UART_SetConfig          0x08000b19  0x37a  Code  Gb  stm32l0xx_hal_uart.o [1]
UART_WaitOnFlagUntilTimeout
                        0x08000ff5   0xee  Code  Gb  stm32l0xx_hal_uart.o [1]
UartGetChar             0x080012c5   0x4a  Code  Gb  bsp_uart_fifo.o [1]
UartHandle              0x20000c48   0x70  Data  Gb  bsp_uart_fifo.o [1]
UartIRQ                 0x08001321   0xfc  Code  Gb  bsp_uart_fifo.o [1]
UartSend                0x08001255   0x70  Code  Lc  bsp_uart_fifo.o [1]
UartVarInit             0x080011af   0x5a  Code  Gb  bsp_uart_fifo.o [1]
_PrintfTiny             0x08001a93  0x166  Code  Gb  xprintftiny.o [3]
_Prout                  0x08001f45   0x16  Code  Gb  xprout.o [3]
__aeabi_d2uiz           0x0800185d         Code  Gb  DblToI32.o [4]
__aeabi_dadd            0x080015f1         Code  Gb  DblAddSub.o [4]
__aeabi_ddiv            0x08001799         Code  Gb  DblDiv.o [4]
__aeabi_dmul            0x0800146d         Code  Gb  DblMul.o [4]
__aeabi_idiv0           0x08000a99         Code  Gb  IntDivZer.o [5]
__aeabi_memclr4         0x08001db9         Code  Gb  ABImemset.o [5]
__aeabi_memclr8         0x08001db9         Code  Gb  ABImemset.o [5]
__aeabi_ui2d            0x0800144d         Code  Gb  I32ToDbl.o [4]
__aeabi_uidiv           0x080008f1         Code  Gb  I32DivModFast.o [5]
__aeabi_uidivmod        0x080008f1         Code  Gb  I32DivModFast.o [5]
__cmain                 0x08001efd         Code  Gb  cmain.o [5]
__exit                  0x08001f31   0x14  Code  Gb  exit.o [6]
__iar_Memset4_word      0x08001d89         Code  Gb  ABImemset.o [5]
__iar_Stdout            0x20000008   0x40  Data  Gb  xfiles.o [3]
__iar_d2uiz             0x08001861         Code  Gb  DblToI32.o [4]
__iar_data_init3        0x08001eb5   0x28  Code  Gb  data_init.o [5]
__iar_packbits_init_single3
                        0x08001e79   0x3c  Code  Gb  packbits_init_single.o [5]
__iar_program_start     0x08001fbd         Code  Gb  cstartup_M.o [5]
__iar_ui2d              0x08001451         Code  Gb  I32ToDbl.o [4]
__iar_zero_init3        0x08001e3d   0x3c  Code  Gb  zero_init3.o [5]
__low_level_init        0x08001f17    0x4  Code  Gb  low_level_init.o [3]
__vector_table          0x08000000         Data  Gb  startup_stm32l031xx.o [1]
_call_main              0x08001f09         Code  Gb  cmain.o [5]
_exit                   0x08001f25         Code  Gb  cexit.o [5]
_main                   0x08001f13         Code  Gb  cmain.o [5]
bsp_InitUart            0x080011a3    0xc  Code  Gb  bsp_uart_fifo.o [1]
exit                    0x08001f1b    0x8  Code  Gb  exit.o [3]
fputc                   0x0800141d   0x10  Code  Gb  bsp_uart_fifo.o [1]
g_RxBuf1                0x20000848  0x400  Data  Gb  bsp_uart_fifo.o [1]
g_TxBuf1                0x20000448  0x400  Data  Gb  bsp_uart_fifo.o [1]
g_tUart1                0x20000d08   0x28  Data  Gb  bsp_uart_fifo.o [1]
main                    0x08001c09   0x2c  Code  Gb  main.o [1]
obuf                    0x20000cb8   0x50  Data  Lc  xfiles.o [3]
out                     0x08001a79   0x1a  Code  Lc  xprintftiny.o [3]
printf                  0x08001d65   0x24  Code  Gb  printf.o [3]
putchar                 0x08001f5d   0x10  Code  Gb  putchar.o [3]
strlen                  0x08001bf9   0x10  Code  Gb  strlen.o [5]
ucData                  0x20000d34    0x1  Data  Gb  main.o [1]
uwTick                  0x20000d30    0x4  Data  Gb  stm32l0xx_hal.o [1]


[1] = C:\Users\T460P\Desktop\STM32L031\code\stm32L_lpuart - fifo\EWARM\Debug\Obj
[2] = command line
[3] = dl6M_tlf.a
[4] = m6M_tl.a
[5] = rt6M_tl.a
[6] = shb_l.a

  8 096 bytes of readonly  code memory
    113 bytes of readonly  data memory
  3 381 bytes of readwrite data memory

Errors: none
Warnings: none
